
> task-menagemnent@0.1.0 build
> next build

   ▲ Next.js 15.4.5
   - Environments: .env.local

   Creating an optimized production build ...
 ✓ Compiled successfully in 3.0s
   Linting and checking validity of types ...

./src/app/projects/page.tsx
54:6  Warning: React Hook useEffect has a missing dependency: 'fetchProjects'. Either include it or remove the dependency array.  react-hooks/exhaustive-deps

./src/app/projects/[id]/page.tsx
77:6  Warning: React Hook useEffect has a missing dependency: 'fetchCurrentMember'. Either include it or remove the dependency array.  react-hooks/exhaustive-deps
90:6  Warning: React Hook useEffect has missing dependencies: 'fetchProject', 'fetchTaskAssignments', and 'fetchTasks'. Either include them or remove the dependency array.  react-hooks/exhaustive-deps
121:14  Warning: 'error' is defined but never used.  @typescript-eslint/no-unused-vars

./src/app/tasks/create/page-new.tsx
70:6  Warning: React Hook useEffect has a missing dependency: 'fetchCurrentMember'. Either include it or remove the dependency array.  react-hooks/exhaustive-deps

./src/app/tasks/create/page.tsx
81:6  Warning: React Hook useEffect has a missing dependency: 'fetchCurrentMember'. Either include it or remove the dependency array.  react-hooks/exhaustive-deps

./src/app/tasks/[id]/edit/page-new.tsx
78:6  Warning: React Hook useEffect has a missing dependency: 'fetchCurrentMember'. Either include it or remove the dependency array.  react-hooks/exhaustive-deps
85:6  Warning: React Hook useEffect has a missing dependency: 'fetchTask'. Either include it or remove the dependency array.  react-hooks/exhaustive-deps

./src/app/tasks/[id]/edit/page.tsx
56:10  Warning: 'isSubmitting' is assigned a value but never used.  @typescript-eslint/no-unused-vars
58:10  Warning: 'projects' is assigned a value but never used.  @typescript-eslint/no-unused-vars
61:10  Warning: 'isAssigned' is assigned a value but never used.  @typescript-eslint/no-unused-vars
64:5  Warning: 'register' is assigned a value but never used.  @typescript-eslint/no-unused-vars
65:5  Warning: 'handleSubmit' is assigned a value but never used.  @typescript-eslint/no-unused-vars
66:18  Warning: 'errors' is assigned a value but never used.  @typescript-eslint/no-unused-vars
73:9  Warning: 'selectedProject' is assigned a value but never used.  @typescript-eslint/no-unused-vars
79:6  Warning: React Hook useEffect has a missing dependency: 'fetchCurrentMember'. Either include it or remove the dependency array.  react-hooks/exhaustive-deps
87:6  Warning: React Hook useEffect has missing dependencies: 'checkAssignment' and 'fetchTask'. Either include them or remove the dependency array.  react-hooks/exhaustive-deps
156:21  Warning: 'error' is assigned a value but never used.  @typescript-eslint/no-unused-vars
168:9  Warning: 'onSubmit' is assigned a value but never used.  @typescript-eslint/no-unused-vars
213:9  Warning: 'handleDelete' is assigned a value but never used.  @typescript-eslint/no-unused-vars

./src/components/CustomAuth.tsx
11:38  Warning: 'onSuccess' is defined but never used.  @typescript-eslint/no-unused-vars
19:27  Warning: 'setIsCheckingEmail' is assigned a value but never used.  @typescript-eslint/no-unused-vars
20:24  Warning: 'setAutoSwitched' is assigned a value but never used.  @typescript-eslint/no-unused-vars
92:17  Warning: 'data' is assigned a value but never used.  @typescript-eslint/no-unused-vars

info  - Need to disable some ESLint rules? Learn more here: https://nextjs.org/docs/app/api-reference/config/eslint#disabling-rules
   Collecting page data ...
   Generating static pages (0/17) ...
ReferenceError: location is not defined
    at s (E:\task-menagemnent\.next\server\app\auth\change-password\page.js:1:1163)
   Generating static pages (4/17) 
Failed to load dynamic font for ✓ . Error: [Error: Failed to download dynamic font. Status: 400]
   Generating static pages (8/17) 
 ⨯ useSearchParams() should be wrapped in a suspense boundary at page "/tasks/create". Read more: https://nextjs.org/docs/messages/missing-suspense-with-csr-bailout
    at g (E:\task-menagemnent\.next\server\chunks\610.js:3:13857)
    at l (E:\task-menagemnent\.next\server\chunks\610.js:13:100590)
    at s (E:\task-menagemnent\.next\server\app\tasks\create\page.js:2:9017)
    at n4 (E:\task-menagemnent\node_modules\next\dist\compiled\next-server\app-page.runtime.prod.js:2:81697)
    at n8 (E:\task-menagemnent\node_modules\next\dist\compiled\next-server\app-page.runtime.prod.js:2:83467)
    at n9 (E:\task-menagemnent\node_modules\next\dist\compiled\next-server\app-page.runtime.prod.js:2:103676)
    at n5 (E:\task-menagemnent\node_modules\next\dist\compiled\next-server\app-page.runtime.prod.js:2:101094)
    at n3 (E:\task-menagemnent\node_modules\next\dist\compiled\next-server\app-page.runtime.prod.js:2:82049)
    at n8 (E:\task-menagemnent\node_modules\next\dist\compiled\next-server\app-page.runtime.prod.js:2:83513)
    at n8 (E:\task-menagemnent\node_modules\next\dist\compiled\next-server\app-page.runtime.prod.js:2:100435)
Error occurred prerendering page "/tasks/create". Read more: https://nextjs.org/docs/messages/prerender-error
Export encountered an error on /tasks/create/page: /tasks/create, exiting the build.
 ⨯ Next.js build worker exited with code: 1 and signal: null
